[?25l[?2004h â£¾  | Thinking | 00:12 | ðŸ¤” | 55 tokens                                         
[K[80D[2K[?2004l[?25h[?1002l[?1003l[?1006l